health_gate pod=yfjniwn4ddwj52 max_wait=300s threshold=5%
{
  "containerDiskInGb": 30,
  "costPerHr": 1.39,
  "createdAt": "2026-08-23 04:47:54.798 +0000 UTC",
  "desiredStatus": "RUNNING",
  "env": {
    "PUBLIC_KEY": "ssh-rsa AAAAB3NzaC1yc2EAAAADAQABAAABAQDNIOjxcq0UUJFqalPklaEkTs5WTJf4uiNhYsgpN/FC6vGsysMQgk6aT2P4/E887Lhqaz2b+IzNXc+iSFTNTthqxt0rRffRnk3KyKnPr2HFBmzpRKghbcC1dXofdBhBtApYesCHGjDLeheco32y5IN0DRVaHDs5kYRBlCSkPnhmxRWB88rpTOhe17FHOWK4vX7WBr9j/l2g2JUtmn2AXo0PCiKKYgAxOt8HFzLNk7LImClHenFg+pSqICU93hHkng7dudpWMqpFKvXMhNk78cdCczUo2Q8DFMCaV5UsENKgyP8Uiqwj5/aDwoCuEkC5XXbKsEPZElNRNB2E9zZ5ciKx runpodctl-ssh-key"
  },
  "gpuCount": 1,
  "id": "yfjniwn4ddwj52",
  "imageName": "runpod/pytorch:2.4.0-py3.11-cuda12.4.1-devel-ubuntu22.04",
  "lastStatusChange": "Rented by User: Sun Aug 23 2026 04:47:54 GMT+0000 (Coordinated Universal Time)",
  "memoryInGb": 125,
  "name": "wave1-native-a100-2-202608230047",
  "ports": [
    "8888/http",
    "22/tcp",
    "22/udp"
  ],
  "ssh": {
    "id": "yfjniwn4ddwj52",
    "ip": "213.173.105.5",
    "name": "wave1-native-a100-2-202608230047",
    "port": 30244,
    "ssh_command": "ssh -i /Users/mac/.runpod/ssh/runpodctl-ssh-key root@213.173.105.5 -p 30244",
    "ssh_key": {
      "exists": true,
      "fingerprint": "SHA256:rG4/ql2aHn6iQQsn1POmeexDxzUKg+KkFR5Nl2u7dL8",
      "in_account": true,
      "path": "/Users/mac/.runpod/ssh/runpodctl-ssh-key",
      "source": "runpodctl doctor"
    }
  },
  "uptimeSeconds": 0,
  "vcpuCount": 16,
  "volumeInGb": 0,
  "volumeMountPath": "/workspace"
}
Command "connect" is deprecated, use 'runpodctl ssh info' instead
{"error":"accepts at most 1 arg(s), received 2","code":"usage_error"}
Usage:
  runpodctl ssh connect [pod-id] [flags]

Flags:
  -h, --help      help for connect
  -v, --verbose   include pod id and name in output

Global Flags:
  -o, --output string   output format (json, yaml) (default "json")
t=0s ssh/smi not ready
{
  "containerDiskInGb": 30,
  "costPerHr": 1.39,
  "createdAt": "2026-08-23 04:47:54.798 +0000 UTC",
  "desiredStatus": "RUNNING",
  "env": {
    "PUBLIC_KEY": "ssh-rsa AAAAB3NzaC1yc2EAAAADAQABAAABAQDNIOjxcq0UUJFqalPklaEkTs5WTJf4uiNhYsgpN/FC6vGsysMQgk6aT2P4/E887Lhqaz2b+IzNXc+iSFTNTthqxt0rRffRnk3KyKnPr2HFBmzpRKghbcC1dXofdBhBtApYesCHGjDLeheco32y5IN0DRVaHDs5kYRBlCSkPnhmxRWB88rpTOhe17FHOWK4vX7WBr9j/l2g2JUtmn2AXo0PCiKKYgAxOt8HFzLNk7LImClHenFg+pSqICU93hHkng7dudpWMqpFKvXMhNk78cdCczUo2Q8DFMCaV5UsENKgyP8Uiqwj5/aDwoCuEkC5XXbKsEPZElNRNB2E9zZ5ciKx runpodctl-ssh-key"
  },
  "gpuCount": 1,
  "id": "yfjniwn4ddwj52",
  "imageName": "runpod/pytorch:2.4.0-py3.11-cuda12.4.1-devel-ubuntu22.04",
  "lastStatusChange": "Rented by User: Sun Aug 23 2026 04:47:54 GMT+0000 (Coordinated Universal Time)",
  "memoryInGb": 125,
  "name": "wave1-native-a100-2-202608230047",
  "ports": [
    "8888/http",
    "22/tcp",
    "22/udp"
  ],
  "ssh": {
    "error": "pod not ready",
    "id": "yfjniwn4ddwj52",
    "name": "wave1-native-a100-2-202608230047",
    "status": "RUNNING"
  },
  "uptimeSeconds": 0,
  "vcpuCount": 16,
  "volumeInGb": 0,
  "volumeMountPath": "/workspace"
}
Command "connect" is deprecated, use 'runpodctl ssh info' instead
{"error":"accepts at most 1 arg(s), received 2","code":"usage_error"}
Usage:
  runpodctl ssh connect [pod-id] [flags]

Flags:
  -h, --help      help for connect
  -v, --verbose   include pod id and name in output

Global Flags:
  -o, --output string   output format (json, yaml) (default "json")
t=30s ssh/smi not ready
{
  "containerDiskInGb": 30,
  "costPerHr": 1.39,
  "createdAt": "2026-08-23 04:47:54.798 +0000 UTC",
  "desiredStatus": "RUNNING",
  "env": {
    "PUBLIC_KEY": "ssh-rsa AAAAB3NzaC1yc2EAAAADAQABAAABAQDNIOjxcq0UUJFqalPklaEkTs5WTJf4uiNhYsgpN/FC6vGsysMQgk6aT2P4/E887Lhqaz2b+IzNXc+iSFTNTthqxt0rRffRnk3KyKnPr2HFBmzpRKghbcC1dXofdBhBtApYesCHGjDLeheco32y5IN0DRVaHDs5kYRBlCSkPnhmxRWB88rpTOhe17FHOWK4vX7WBr9j/l2g2JUtmn2AXo0PCiKKYgAxOt8HFzLNk7LImClHenFg+pSqICU93hHkng7dudpWMqpFKvXMhNk78cdCczUo2Q8DFMCaV5UsENKgyP8Uiqwj5/aDwoCuEkC5XXbKsEPZElNRNB2E9zZ5ciKx runpodctl-ssh-key"
  },
  "gpuCount": 1,
  "id": "yfjniwn4ddwj52",
  "imageName": "runpod/pytorch:2.4.0-py3.11-cuda12.4.1-devel-ubuntu22.04",
  "lastStatusChange": "Rented by User: Sun Aug 23 2026 04:47:54 GMT+0000 (Coordinated Universal Time)",
  "memoryInGb": 125,
  "name": "wave1-native-a100-2-202608230047",
  "ports": [
    "8888/http",
    "22/tcp",
    "22/udp"
  ],
  "ssh": {
    "error": "pod not ready",
    "id": "yfjniwn4ddwj52",
    "name": "wave1-native-a100-2-202608230047",
    "status": "RUNNING"
  },
  "uptimeSeconds": 0,
  "vcpuCount": 16,
  "volumeInGb": 0,
  "volumeMountPath": "/workspace"
}
Command "connect" is deprecated, use 'runpodctl ssh info' instead
{"error":"accepts at most 1 arg(s), received 2","code":"usage_error"}
Usage:
  runpodctl ssh connect [pod-id] [flags]

Flags:
  -h, --help      help for connect
  -v, --verbose   include pod id and name in output

Global Flags:
  -o, --output string   output format (json, yaml) (default "json")
t=60s ssh/smi not ready
{
  "containerDiskInGb": 30,
  "costPerHr": 1.39,
  "createdAt": "2026-08-23 04:47:54.798 +0000 UTC",
  "desiredStatus": "RUNNING",
  "env": {
    "PUBLIC_KEY": "ssh-rsa AAAAB3NzaC1yc2EAAAADAQABAAABAQDNIOjxcq0UUJFqalPklaEkTs5WTJf4uiNhYsgpN/FC6vGsysMQgk6aT2P4/E887Lhqaz2b+IzNXc+iSFTNTthqxt0rRffRnk3KyKnPr2HFBmzpRKghbcC1dXofdBhBtApYesCHGjDLeheco32y5IN0DRVaHDs5kYRBlCSkPnhmxRWB88rpTOhe17FHOWK4vX7WBr9j/l2g2JUtmn2AXo0PCiKKYgAxOt8HFzLNk7LImClHenFg+pSqICU93hHkng7dudpWMqpFKvXMhNk78cdCczUo2Q8DFMCaV5UsENKgyP8Uiqwj5/aDwoCuEkC5XXbKsEPZElNRNB2E9zZ5ciKx runpodctl-ssh-key"
  },
  "gpuCount": 1,
  "id": "yfjniwn4ddwj52",
  "imageName": "runpod/pytorch:2.4.0-py3.11-cuda12.4.1-devel-ubuntu22.04",
  "lastStatusChange": "Rented by User: Sun Aug 23 2026 04:47:54 GMT+0000 (Coordinated Universal Time)",
  "memoryInGb": 125,
  "name": "wave1-native-a100-2-202608230047",
  "ports": [
    "8888/http",
    "22/tcp",
    "22/udp"
  ],
  "ssh": {
    "error": "pod not ready",
    "id": "yfjniwn4ddwj52",
    "name": "wave1-native-a100-2-202608230047",
    "status": "RUNNING"
  },
  "uptimeSeconds": 0,
  "vcpuCount": 16,
  "volumeInGb": 0,
  "volumeMountPath": "/workspace"
}
Command "connect" is deprecated, use 'runpodctl ssh info' instead
{"error":"accepts at most 1 arg(s), received 2","code":"usage_error"}
Usage:
  runpodctl ssh connect [pod-id] [flags]

Flags:
  -h, --help      help for connect
  -v, --verbose   include pod id and name in output

Global Flags:
  -o, --output string   output format (json, yaml) (default "json")
t=90s ssh/smi not ready
{
  "containerDiskInGb": 30,
  "costPerHr": 1.39,
  "createdAt": "2026-08-23 04:47:54.798 +0000 UTC",
  "desiredStatus": "RUNNING",
  "env": {
    "PUBLIC_KEY": "ssh-rsa AAAAB3NzaC1yc2EAAAADAQABAAABAQDNIOjxcq0UUJFqalPklaEkTs5WTJf4uiNhYsgpN/FC6vGsysMQgk6aT2P4/E887Lhqaz2b+IzNXc+iSFTNTthqxt0rRffRnk3KyKnPr2HFBmzpRKghbcC1dXofdBhBtApYesCHGjDLeheco32y5IN0DRVaHDs5kYRBlCSkPnhmxRWB88rpTOhe17FHOWK4vX7WBr9j/l2g2JUtmn2AXo0PCiKKYgAxOt8HFzLNk7LImClHenFg+pSqICU93hHkng7dudpWMqpFKvXMhNk78cdCczUo2Q8DFMCaV5UsENKgyP8Uiqwj5/aDwoCuEkC5XXbKsEPZElNRNB2E9zZ5ciKx runpodctl-ssh-key"
  },
  "gpuCount": 1,
  "id": "yfjniwn4ddwj52",
  "imageName": "runpod/pytorch:2.4.0-py3.11-cuda12.4.1-devel-ubuntu22.04",
  "lastStatusChange": "Rented by User: Sun Aug 23 2026 04:47:54 GMT+0000 (Coordinated Universal Time)",
  "memoryInGb": 125,
  "name": "wave1-native-a100-2-202608230047",
  "ports": [
    "8888/http",
    "22/tcp",
    "22/udp"
  ],
  "ssh": {
    "id": "yfjniwn4ddwj52",
    "ip": "213.173.105.5",
    "name": "wave1-native-a100-2-202608230047",
    "port": 30244,
    "ssh_command": "ssh -i /Users/mac/.runpod/ssh/runpodctl-ssh-key root@213.173.105.5 -p 30244",
    "ssh_key": {
      "exists": true,
      "fingerprint": "SHA256:rG4/ql2aHn6iQQsn1POmeexDxzUKg+KkFR5Nl2u7dL8",
      "in_account": true,
      "path": "/Users/mac/.runpod/ssh/runpodctl-ssh-key",
      "source": "runpodctl doctor"
    }
  },
  "uptimeSeconds": 0,
  "vcpuCount": 16,
  "volumeInGb": 0,
  "volumeMountPath": "/workspace"
}
Command "connect" is deprecated, use 'runpodctl ssh info' instead
{"error":"accepts at most 1 arg(s), received 2","code":"usage_error"}
Usage:
  runpodctl ssh connect [pod-id] [flags]

Flags:
  -h, --help      help for connect
  -v, --verbose   include pod id and name in output

Global Flags:
  -o, --output string   output format (json, yaml) (default "json")
t=120s ssh/smi not ready
{
  "containerDiskInGb": 30,
  "costPerHr": 1.39,
  "createdAt": "2026-08-23 04:47:54.798 +0000 UTC",
  "desiredStatus": "RUNNING",
  "env": {
    "PUBLIC_KEY": "ssh-rsa AAAAB3NzaC1yc2EAAAADAQABAAABAQDNIOjxcq0UUJFqalPklaEkTs5WTJf4uiNhYsgpN/FC6vGsysMQgk6aT2P4/E887Lhqaz2b+IzNXc+iSFTNTthqxt0rRffRnk3KyKnPr2HFBmzpRKghbcC1dXofdBhBtApYesCHGjDLeheco32y5IN0DRVaHDs5kYRBlCSkPnhmxRWB88rpTOhe17FHOWK4vX7WBr9j/l2g2JUtmn2AXo0PCiKKYgAxOt8HFzLNk7LImClHenFg+pSqICU93hHkng7dudpWMqpFKvXMhNk78cdCczUo2Q8DFMCaV5UsENKgyP8Uiqwj5/aDwoCuEkC5XXbKsEPZElNRNB2E9zZ5ciKx runpodctl-ssh-key"
  },
  "gpuCount": 1,
  "id": "yfjniwn4ddwj52",
  "imageName": "runpod/pytorch:2.4.0-py3.11-cuda12.4.1-devel-ubuntu22.04",
  "lastStatusChange": "Rented by User: Sun Aug 23 2026 04:47:54 GMT+0000 (Coordinated Universal Time)",
  "memoryInGb": 125,
  "name": "wave1-native-a100-2-202608230047",
  "ports": [
    "8888/http",
    "22/tcp",
    "22/udp"
  ],
  "ssh": {
    "id": "yfjniwn4ddwj52",
    "ip": "213.173.105.5",
    "name": "wave1-native-a100-2-202608230047",
    "port": 30244,
    "ssh_command": "ssh -i /Users/mac/.runpod/ssh/runpodctl-ssh-key root@213.173.105.5 -p 30244",
    "ssh_key": {
      "exists": true,
      "fingerprint": "SHA256:rG4/ql2aHn6iQQsn1POmeexDxzUKg+KkFR5Nl2u7dL8",
      "in_account": true,
      "path": "/Users/mac/.runpod/ssh/runpodctl-ssh-key",
      "source": "runpodctl doctor"
    }
  },
  "uptimeSeconds": 0,
  "vcpuCount": 16,
  "volumeInGb": 0,
  "volumeMountPath": "/workspace"
}
Command "connect" is deprecated, use 'runpodctl ssh info' instead
{"error":"accepts at most 1 arg(s), received 2","code":"usage_error"}
Usage:
  runpodctl ssh connect [pod-id] [flags]

Flags:
  -h, --help      help for connect
  -v, --verbose   include pod id and name in output

Global Flags:
  -o, --output string   output format (json, yaml) (default "json")
t=150s ssh/smi not ready
{
  "containerDiskInGb": 30,
  "costPerHr": 1.39,
  "createdAt": "2026-08-23 04:47:54.798 +0000 UTC",
  "desiredStatus": "RUNNING",
  "env": {
    "PUBLIC_KEY": "ssh-rsa AAAAB3NzaC1yc2EAAAADAQABAAABAQDNIOjxcq0UUJFqalPklaEkTs5WTJf4uiNhYsgpN/FC6vGsysMQgk6aT2P4/E887Lhqaz2b+IzNXc+iSFTNTthqxt0rRffRnk3KyKnPr2HFBmzpRKghbcC1dXofdBhBtApYesCHGjDLeheco32y5IN0DRVaHDs5kYRBlCSkPnhmxRWB88rpTOhe17FHOWK4vX7WBr9j/l2g2JUtmn2AXo0PCiKKYgAxOt8HFzLNk7LImClHenFg+pSqICU93hHkng7dudpWMqpFKvXMhNk78cdCczUo2Q8DFMCaV5UsENKgyP8Uiqwj5/aDwoCuEkC5XXbKsEPZElNRNB2E9zZ5ciKx runpodctl-ssh-key"
  },
  "gpuCount": 1,
  "id": "yfjniwn4ddwj52",
  "imageName": "runpod/pytorch:2.4.0-py3.11-cuda12.4.1-devel-ubuntu22.04",
  "lastStatusChange": "Rented by User: Sun Aug 23 2026 04:47:54 GMT+0000 (Coordinated Universal Time)",
  "memoryInGb": 125,
  "name": "wave1-native-a100-2-202608230047",
  "ports": [
    "8888/http",
    "22/tcp",
    "22/udp"
  ],
  "ssh": {
    "id": "yfjniwn4ddwj52",
    "ip": "213.173.105.5",
    "name": "wave1-native-a100-2-202608230047",
    "port": 30244,
    "ssh_command": "ssh -i /Users/mac/.runpod/ssh/runpodctl-ssh-key root@213.173.105.5 -p 30244",
    "ssh_key": {
      "exists": true,
      "fingerprint": "SHA256:rG4/ql2aHn6iQQsn1POmeexDxzUKg+KkFR5Nl2u7dL8",
      "in_account": true,
      "path": "/Users/mac/.runpod/ssh/runpodctl-ssh-key",
      "source": "runpodctl doctor"
    }
  },
  "uptimeSeconds": 0,
  "vcpuCount": 16,
  "volumeInGb": 0,
  "volumeMountPath": "/workspace"
}
Command "connect" is deprecated, use 'runpodctl ssh info' instead
{"error":"accepts at most 1 arg(s), received 2","code":"usage_error"}
Usage:
  runpodctl ssh connect [pod-id] [flags]

Flags:
  -h, --help      help for connect
  -v, --verbose   include pod id and name in output

Global Flags:
  -o, --output string   output format (json, yaml) (default "json")
t=180s ssh/smi not ready
{
  "containerDiskInGb": 30,
  "costPerHr": 1.39,
  "createdAt": "2026-08-23 04:47:54.798 +0000 UTC",
  "desiredStatus": "RUNNING",
  "env": {
    "PUBLIC_KEY": "ssh-rsa AAAAB3NzaC1yc2EAAAADAQABAAABAQDNIOjxcq0UUJFqalPklaEkTs5WTJf4uiNhYsgpN/FC6vGsysMQgk6aT2P4/E887Lhqaz2b+IzNXc+iSFTNTthqxt0rRffRnk3KyKnPr2HFBmzpRKghbcC1dXofdBhBtApYesCHGjDLeheco32y5IN0DRVaHDs5kYRBlCSkPnhmxRWB88rpTOhe17FHOWK4vX7WBr9j/l2g2JUtmn2AXo0PCiKKYgAxOt8HFzLNk7LImClHenFg+pSqICU93hHkng7dudpWMqpFKvXMhNk78cdCczUo2Q8DFMCaV5UsENKgyP8Uiqwj5/aDwoCuEkC5XXbKsEPZElNRNB2E9zZ5ciKx runpodctl-ssh-key"
  },
  "gpuCount": 1,
  "id": "yfjniwn4ddwj52",
  "imageName": "runpod/pytorch:2.4.0-py3.11-cuda12.4.1-devel-ubuntu22.04",
  "lastStatusChange": "Rented by User: Sun Aug 23 2026 04:47:54 GMT+0000 (Coordinated Universal Time)",
  "memoryInGb": 125,
  "name": "wave1-native-a100-2-202608230047",
  "ports": [
    "8888/http",
    "22/tcp",
    "22/udp"
  ],
  "ssh": {
    "id": "yfjniwn4ddwj52",
    "ip": "213.173.105.5",
    "name": "wave1-native-a100-2-202608230047",
    "port": 30244,
    "ssh_command": "ssh -i /Users/mac/.runpod/ssh/runpodctl-ssh-key root@213.173.105.5 -p 30244",
    "ssh_key": {
      "exists": true,
      "fingerprint": "SHA256:rG4/ql2aHn6iQQsn1POmeexDxzUKg+KkFR5Nl2u7dL8",
      "in_account": true,
      "path": "/Users/mac/.runpod/ssh/runpodctl-ssh-key",
      "source": "runpodctl doctor"
    }
  },
  "uptimeSeconds": 0,
  "vcpuCount": 16,
  "volumeInGb": 0,
  "volumeMountPath": "/workspace"
}
Command "connect" is deprecated, use 'runpodctl ssh info' instead
{"error":"accepts at most 1 arg(s), received 2","code":"usage_error"}
Usage:
  runpodctl ssh connect [pod-id] [flags]

Flags:
  -h, --help      help for connect
  -v, --verbose   include pod id and name in output

Global Flags:
  -o, --output string   output format (json, yaml) (default "json")
t=210s ssh/smi not ready
{"error":"failed to get pod: pod not found","code":"not_found","status":404}
pod gone
