=== close-gate monitor Fri Jul 31 04:26:13 UTC 2026 ===
[04:26:14] poll 1
[pythia] ep0 100/1125 loss=0.001 (0.2 min)
[pythia] ep0 200/1125 loss=0.000 (0.5 min)
[pythia] ep0 300/1125 loss=0.000 (0.7 min)
[pythia] ep1 400/1125 loss=0.000 (0.9 min)
[pythia] ep1 500/1125 loss=0.000 (1.2 min)
[pythia] ep1 600/1125 loss=0.000 (1.4 min)
[pythia] ep1 700/1125 loss=0.000 (1.6 min)
[pythia] ep2 800/1125 loss=0.000 (1.9 min)
---
ALIVE
[04:27:14] poll 2
[pythia] ep1 600/1125 loss=0.000 (1.4 min)
[pythia] ep1 700/1125 loss=0.000 (1.6 min)
[pythia] ep2 800/1125 loss=0.000 (1.9 min)
[pythia] ep2 900/1125 loss=0.000 (2.1 min)
[pythia] ep2 1000/1125 loss=0.000 (2.3 min)
[pythia] ep2 1100/1125 loss=0.000 (2.6 min)
[pythia] done 2.6 min
E1 M0_pythia160m_lora verify=off
---
ALIVE
[04:28:15] poll 3
[pythia] ep1 600/1125 loss=0.000 (1.4 min)
[pythia] ep1 700/1125 loss=0.000 (1.6 min)
[pythia] ep2 800/1125 loss=0.000 (1.9 min)
[pythia] ep2 900/1125 loss=0.000 (2.1 min)
[pythia] ep2 1000/1125 loss=0.000 (2.3 min)
[pythia] ep2 1100/1125 loss=0.000 (2.6 min)
[pythia] done 2.6 min
E1 M0_pythia160m_lora verify=off
---
ALIVE
[04:29:16] poll 4
[pythia] ep1 600/1125 loss=0.000 (1.4 min)
[pythia] ep1 700/1125 loss=0.000 (1.6 min)
[pythia] ep2 800/1125 loss=0.000 (1.9 min)
[pythia] ep2 900/1125 loss=0.000 (2.1 min)
[pythia] ep2 1000/1125 loss=0.000 (2.3 min)
[pythia] ep2 1100/1125 loss=0.000 (2.6 min)
[pythia] done 2.6 min
E1 M0_pythia160m_lora verify=off
---
ALIVE
[04:30:17] poll 5
[pythia] ep1 600/1125 loss=0.000 (1.4 min)
[pythia] ep1 700/1125 loss=0.000 (1.6 min)
[pythia] ep2 800/1125 loss=0.000 (1.9 min)
[pythia] ep2 900/1125 loss=0.000 (2.1 min)
[pythia] ep2 1000/1125 loss=0.000 (2.3 min)
[pythia] ep2 1100/1125 loss=0.000 (2.6 min)
[pythia] done 2.6 min
E1 M0_pythia160m_lora verify=off
---
ALIVE
[04:31:18] poll 6
[pythia] ep2 800/1125 loss=0.000 (1.9 min)
[pythia] ep2 900/1125 loss=0.000 (2.1 min)
[pythia] ep2 1000/1125 loss=0.000 (2.3 min)
[pythia] ep2 1100/1125 loss=0.000 (2.6 min)
[pythia] done 2.6 min
E1 M0_pythia160m_lora verify=off
  U=0.9160 P=0.987 rec=0.987 gap=2.64 rho=0.000
E1 M0_pythia160m_lora verify=on
---
ALIVE
[04:32:18] poll 7
[pythia] ep2 800/1125 loss=0.000 (1.9 min)
[pythia] ep2 900/1125 loss=0.000 (2.1 min)
[pythia] ep2 1000/1125 loss=0.000 (2.3 min)
[pythia] ep2 1100/1125 loss=0.000 (2.6 min)
[pythia] done 2.6 min
E1 M0_pythia160m_lora verify=off
  U=0.9160 P=0.987 rec=0.987 gap=2.64 rho=0.000
E1 M0_pythia160m_lora verify=on
---
ALIVE
[04:33:19] poll 8
[pythia] ep2 800/1125 loss=0.000 (1.9 min)
[pythia] ep2 900/1125 loss=0.000 (2.1 min)
[pythia] ep2 1000/1125 loss=0.000 (2.3 min)
[pythia] ep2 1100/1125 loss=0.000 (2.6 min)
[pythia] done 2.6 min
E1 M0_pythia160m_lora verify=off
  U=0.9160 P=0.987 rec=0.987 gap=2.64 rho=0.000
E1 M0_pythia160m_lora verify=on
---
ALIVE
[04:34:20] poll 9
  "official_m0_candidates": {
    "M0_pythia160m_lora": 0.9252173639550433,
    "M0_ownstack_chinchilla_lora": 0.8984580063518905
  },
  "provisional_m0_scale": 0.8539283563496702,
  "venue": "runpod-cuda"
}
E1_OFFICIAL_M0_DONE
---
ALIVE
DONE
