{"calibration_records": 800, "development_records_used": 0, "device": "cpu", "event": "training_start", "fit_legacy_worlds": 1400, "fit_records": 11200, "fit_surface_worlds": 1400, "recipe": "nano-evidence-query-h6-state-boundary-residual-v1", "seed": 20260805, "steps": 1050}
{"epoch": 1, "event": "training_step", "gradient_norm": 11.947392, "learning_rate": 4.838709677419354e-06, "loss": 5.949612, "pointer_loss": 4.087089, "state_loss": 1.862523, "step": 1, "steps": 1050}
{"epoch": 1, "event": "training_step", "gradient_norm": 4.665277, "learning_rate": 0.00012096774193548387, "loss": 3.439124, "pointer_loss": 1.96909, "state_loss": 1.470035, "step": 25, "steps": 1050}
{"epoch": 1, "event": "training_step", "gradient_norm": 6.34945, "learning_rate": 0.00014988422676465805, "loss": 1.995179, "pointer_loss": 0.913557, "state_loss": 1.081622, "step": 50, "steps": 1050}
{"epoch": 1, "event": "training_step", "gradient_norm": 9.728389, "learning_rate": 0.0001493798961503416, "loss": 1.532709, "pointer_loss": 0.476389, "state_loss": 1.05632, "step": 75, "steps": 1050}
{"epoch": 1, "event": "training_step", "gradient_norm": 10.548559, "learning_rate": 0.00014847845448216052, "loss": 1.174721, "pointer_loss": 0.271996, "state_loss": 0.902725, "step": 100, "steps": 1050}
{"epoch": 1, "event": "training_step", "gradient_norm": 7.33456, "learning_rate": 0.00014718525422732025, "loss": 1.031003, "pointer_loss": 0.197131, "state_loss": 0.833872, "step": 125, "steps": 1050}
{"epoch": 1, "event": "training_step", "gradient_norm": 11.539939, "learning_rate": 0.00014550797398799604, "loss": 0.863657, "pointer_loss": 0.124176, "state_loss": 0.739482, "step": 150, "steps": 1050}
{"epoch": 1, "event": "training_step", "gradient_norm": 6.545556, "learning_rate": 0.00014345657290829248, "loss": 0.674621, "pointer_loss": 0.060271, "state_loss": 0.61435, "step": 175, "steps": 1050}
{"epoch": 1, "event": "training_step", "gradient_norm": 3.233602, "learning_rate": 0.00014104323154008765, "loss": 0.535656, "pointer_loss": 0.077557, "state_loss": 0.458099, "step": 200, "steps": 1050}
{"epoch": 1, "event": "training_step", "gradient_norm": 5.04676, "learning_rate": 0.00013828227951888085, "loss": 0.460393, "pointer_loss": 0.027893, "state_loss": 0.4325, "step": 225, "steps": 1050}
{"epoch": 1, "event": "training_step", "gradient_norm": 4.218619, "learning_rate": 0.00013519011047908124, "loss": 0.249946, "pointer_loss": 0.013793, "state_loss": 0.236153, "step": 250, "steps": 1050}
{"epoch": 1, "event": "training_step", "gradient_norm": 4.149134, "learning_rate": 0.00013178508471394285, "loss": 0.257831, "pointer_loss": 0.021836, "state_loss": 0.235996, "step": 275, "steps": 1050}
{"epoch": 1, "event": "training_step", "gradient_norm": 3.082963, "learning_rate": 0.00012808742015811965, "loss": 0.140089, "pointer_loss": 0.022702, "state_loss": 0.117387, "step": 300, "steps": 1050}
{"epoch": 1, "event": "training_step", "gradient_norm": 7.537818, "learning_rate": 0.00012411907234015045, "loss": 0.145073, "pointer_loss": 0.030904, "state_loss": 0.11417, "step": 325, "steps": 1050}
{"epoch": 1, "event": "training_step", "gradient_norm": 2.692928, "learning_rate": 0.00011990360401767699, "loss": 0.06857, "pointer_loss": 0.020554, "state_loss": 0.048016, "step": 350, "steps": 1050}
{"calibration": {"calibrated": {"selection": {"macro_joint": 0.6646590909090909, "overall_joint": 0.27225}, "slices": {"absence": {"denominator": 330, "numerator": 54, "rate": 0.16363636363636364}, "conflicting_target": {"denominator": 200, "numerator": 139, "rate": 0.695}, "missing_target": {"denominator": 200, "numerator": 190, "rate": 0.95}, "overall": {"denominator": 4000, "numerator": 1089, "rate": 0.27225}, "uncertain_target": {"denominator": 200, "numerator": 170, "rate": 0.85}}, "wrong_presented": {"denominator": 590, "numerator": 0, "rate": 0.0}}, "global_threshold": 0.9916468858718872, "threshold_policy": "minimal_zero_wrong_presented_inclusive_v1", "uncalibrated": {"selection": {"macro_joint": 0.8365530303030303, "overall_joint": 0.849}, "slices": {"absence": {"denominator": 330, "numerator": 304, "rate": 0.9212121212121213}, "conflicting_target": {"denominator": 200, "numerator": 139, "rate": 0.695}, "missing_target": {"denominator": 200, "numerator": 190, "rate": 0.95}, "overall": {"denominator": 4000, "numerator": 3396, "rate": 0.849}, "uncertain_target": {"denominator": 200, "numerator": 156, "rate": 0.78}}, "wrong_presented": {"denominator": 3060, "numerator": 149, "rate": 0.04869281045751634}}}, "checkpoint": {"bytes": 13168916, "filename": "epoch-1.pt", "sha256": "7056a1f8d289a4789e585ab813c58d19554f854b0e4dee6129eb158356bb8758"}, "epoch": 1, "event": "epoch_complete", "pointer_loss": 0.4443283077449139, "seconds": 411.413926801, "state_loss": 0.666729558140315, "train_loss": 1.1110578658852288}
{"epoch": 2, "event": "training_step", "gradient_norm": 2.17623, "learning_rate": 0.00011546604526945876, "loss": 0.064481, "pointer_loss": 0.032933, "state_loss": 0.031548, "step": 375, "steps": 1050}
{"epoch": 2, "event": "training_step", "gradient_norm": 1.552009, "learning_rate": 0.00011083274487491268, "loss": 0.027776, "pointer_loss": 0.014564, "state_loss": 0.013211, "step": 400, "steps": 1050}
{"epoch": 2, "event": "training_step", "gradient_norm": 0.462722, "learning_rate": 0.00010603121386363743, "loss": 0.016788, "pointer_loss": 0.013021, "state_loss": 0.003767, "step": 425, "steps": 1050}
{"epoch": 2, "event": "training_step", "gradient_norm": 3.203908, "learning_rate": 0.00010108996216387461, "loss": 0.010824, "pointer_loss": 0.001652, "state_loss": 0.009172, "step": 450, "steps": 1050}
{"epoch": 2, "event": "training_step", "gradient_norm": 0.199578, "learning_rate": 9.603832931983483e-05, "loss": 0.00336, "pointer_loss": 0.000856, "state_loss": 0.002504, "step": 475, "steps": 1050}
{"epoch": 2, "event": "training_step", "gradient_norm": 0.168331, "learning_rate": 9.09063102830342e-05, "loss": 0.003966, "pointer_loss": 0.001862, "state_loss": 0.002104, "step": 500, "steps": 1050}
{"epoch": 2, "event": "training_step", "gradient_norm": 0.095146, "learning_rate": 8.572437731203571e-05, "loss": 0.001973, "pointer_loss": 0.00106, "state_loss": 0.000914, "step": 525, "steps": 1050}
{"epoch": 2, "event": "training_step", "gradient_norm": 0.043201, "learning_rate": 8.05232990380965e-05, "loss": 0.001268, "pointer_loss": 0.000619, "state_loss": 0.000649, "step": 550, "steps": 1050}
{"epoch": 2, "event": "training_step", "gradient_norm": 0.315366, "learning_rate": 7.53339577710509e-05, "loss": 0.003148, "pointer_loss": 0.000929, "state_loss": 0.002218, "step": 575, "steps": 1050}
{"epoch": 2, "event": "training_step", "gradient_norm": 0.063185, "learning_rate": 7.01871661302065e-05, "loss": 0.001044, "pointer_loss": 0.000264, "state_loss": 0.000781, "step": 600, "steps": 1050}
{"epoch": 2, "event": "training_step", "gradient_norm": 0.134534, "learning_rate": 6.511348408904069e-05, "loss": 0.00183, "pointer_loss": 0.000461, "state_loss": 0.001369, "step": 625, "steps": 1050}
{"epoch": 2, "event": "training_step", "gradient_norm": 0.054215, "learning_rate": 6.0143037520025054e-05, "loss": 0.001211, "pointer_loss": 0.000802, "state_loss": 0.000409, "step": 650, "steps": 1050}
{"epoch": 2, "event": "training_step", "gradient_norm": 0.062536, "learning_rate": 5.5305339317000814e-05, "loss": 0.000444, "pointer_loss": 0.000117, "state_loss": 0.000328, "step": 675, "steps": 1050}
{"epoch": 2, "event": "training_step", "gradient_norm": 0.036566, "learning_rate": 5.062911415722178e-05, "loss": 0.000783, "pointer_loss": 0.00045, "state_loss": 0.000333, "step": 700, "steps": 1050}
{"calibration": {"calibrated": {"selection": {"macro_joint": 0.7276136363636364, "overall_joint": 0.28125}, "slices": {"absence": {"denominator": 330, "numerator": 48, "rate": 0.14545454545454545}, "conflicting_target": {"denominator": 200, "numerator": 175, "rate": 0.875}, "missing_target": {"denominator": 200, "numerator": 200, "rate": 1.0}, "overall": {"denominator": 4000, "numerator": 1125, "rate": 0.28125}, "uncertain_target": {"denominator": 200, "numerator": 178, "rate": 0.89}}, "wrong_presented": {"denominator": 572, "numerator": 0, "rate": 0.0}}, "global_threshold": 0.9998714923858643, "threshold_policy": "minimal_zero_wrong_presented_inclusive_v1", "uncalibrated": {"selection": {"macro_joint": 0.9243939393939393, "overall_joint": 0.952}, "slices": {"absence": {"denominator": 330, "numerator": 316, "rate": 0.9575757575757575}, "conflicting_target": {"denominator": 200, "numerator": 175, "rate": 0.875}, "missing_target": {"denominator": 200, "numerator": 200, "rate": 1.0}, "overall": {"denominator": 4000, "numerator": 3808, "rate": 0.952}, "uncertain_target": {"denominator": 200, "numerator": 173, "rate": 0.865}}, "wrong_presented": {"denominator": 3403, "numerator": 143, "rate": 0.04202174551866}}}, "checkpoint": {"bytes": 13168916, "filename": "epoch-2.pt", "sha256": "07547ec5c01b46fa87e8d53a40497a7c4b4a6bc92b596dddd67f4be4d18c89e0"}, "epoch": 2, "event": "epoch_complete", "pointer_loss": 0.0034352270414612055, "seconds": 422.427757296, "state_loss": 0.009372437000263205, "train_loss": 0.01280766404172441}
{"epoch": 3, "event": "training_step", "gradient_norm": 0.011789, "learning_rate": 4.614212794357051e-05, "loss": 0.000317, "pointer_loss": 0.000121, "state_loss": 0.000196, "step": 725, "steps": 1050}
{"epoch": 3, "event": "training_step", "gradient_norm": 0.020707, "learning_rate": 4.187102293966496e-05, "loss": 0.000277, "pointer_loss": 9.7e-05, "state_loss": 0.00018, "step": 750, "steps": 1050}
{"epoch": 3, "event": "training_step", "gradient_norm": 0.007962, "learning_rate": 3.784115957676916e-05, "loss": 0.000197, "pointer_loss": 8.8e-05, "state_loss": 0.000109, "step": 775, "steps": 1050}
{"epoch": 3, "event": "training_step", "gradient_norm": 0.027807, "learning_rate": 3.4076465871807295e-05, "loss": 0.000293, "pointer_loss": 9.2e-05, "state_loss": 0.000201, "step": 800, "steps": 1050}
{"epoch": 3, "event": "training_step", "gradient_norm": 0.007881, "learning_rate": 3.059929535058768e-05, "loss": 0.000216, "pointer_loss": 0.000119, "state_loss": 9.8e-05, "step": 825, "steps": 1050}
{"epoch": 3, "event": "training_step", "gradient_norm": 0.002007, "learning_rate": 2.7430294319842654e-05, "loss": 0.000105, "pointer_loss": 2.9e-05, "state_loss": 7.6e-05, "step": 850, "steps": 1050}
{"epoch": 3, "event": "training_step", "gradient_norm": 0.003461, "learning_rate": 2.4588279276179638e-05, "loss": 0.00011, "pointer_loss": 3.7e-05, "state_loss": 7.3e-05, "step": 875, "steps": 1050}
{"epoch": 3, "event": "training_step", "gradient_norm": 0.001893, "learning_rate": 2.209012517984905e-05, "loss": 7.1e-05, "pointer_loss": 1.6e-05, "state_loss": 5.5e-05, "step": 900, "steps": 1050}
{"epoch": 3, "event": "training_step", "gradient_norm": 0.006448, "learning_rate": 1.995066525672313e-05, "loss": 8.2e-05, "pointer_loss": 3.6e-05, "state_loss": 4.6e-05, "step": 925, "steps": 1050}
{"epoch": 3, "event": "training_step", "gradient_norm": 0.002285, "learning_rate": 1.8182602923428946e-05, "loss": 6.7e-05, "pointer_loss": 2e-05, "state_loss": 4.7e-05, "step": 950, "steps": 1050}
{"epoch": 3, "event": "training_step", "gradient_norm": 0.001106, "learning_rate": 1.679643635859548e-05, "loss": 4.6e-05, "pointer_loss": 1.6e-05, "state_loss": 3e-05, "step": 975, "steps": 1050}
{"epoch": 3, "event": "training_step", "gradient_norm": 0.000484, "learning_rate": 1.5800396168086026e-05, "loss": 2.9e-05, "pointer_loss": 6e-06, "state_loss": 2.3e-05, "step": 1000, "steps": 1050}
{"epoch": 3, "event": "training_step", "gradient_norm": 0.000851, "learning_rate": 1.5200396514339724e-05, "loss": 3.7e-05, "pointer_loss": 8e-06, "state_loss": 2.9e-05, "step": 1025, "steps": 1050}
{"epoch": 3, "event": "training_step", "gradient_norm": 0.00046, "learning_rate": 1.4999999999999999e-05, "loss": 2.6e-05, "pointer_loss": 7e-06, "state_loss": 1.9e-05, "step": 1050, "steps": 1050}
{"calibration": {"calibrated": {"selection": {"macro_joint": 0.7320075757575758, "overall_joint": 0.323}, "slices": {"absence": {"denominator": 330, "numerator": 67, "rate": 0.20303030303030303}, "conflicting_target": {"denominator": 200, "numerator": 163, "rate": 0.815}, "missing_target": {"denominator": 200, "numerator": 197, "rate": 0.985}, "overall": {"denominator": 4000, "numerator": 1292, "rate": 0.323}, "uncertain_target": {"denominator": 200, "numerator": 185, "rate": 0.925}}, "wrong_presented": {"denominator": 747, "numerator": 0, "rate": 0.0}}, "global_threshold": 0.9999825954437256, "threshold_policy": "minimal_zero_wrong_presented_inclusive_v1", "uncalibrated": {"selection": {"macro_joint": 0.9199999999999999, "overall_joint": 0.963}, "slices": {"absence": {"denominator": 330, "numerator": 330, "rate": 1.0}, "conflicting_target": {"denominator": 200, "numerator": 163, "rate": 0.815}, "missing_target": {"denominator": 200, "numerator": 197, "rate": 0.985}, "overall": {"denominator": 4000, "numerator": 3852, "rate": 0.963}, "uncertain_target": {"denominator": 200, "numerator": 176, "rate": 0.88}}, "wrong_presented": {"denominator": 3449, "numerator": 133, "rate": 0.03856190200057988}}}, "checkpoint": {"bytes": 13168916, "filename": "epoch-3.pt", "sha256": "0b58006d1a9d5c400b2a580cda14c6eae107f5e2fd595a4e68bb5128d33b117e"}, "epoch": 3, "event": "epoch_complete", "pointer_loss": 7.23455303874029e-05, "seconds": 419.77834498100015, "state_loss": 0.000124216048345385, "train_loss": 0.00019656157873278792}
{"candidate": {"bytes": 13168916, "epoch": 2, "filename": "epoch-2.pt", "sha256": "07547ec5c01b46fa87e8d53a40497a7c4b4a6bc92b596dddd67f4be4d18c89e0"}, "event": "training_complete", "report": "training_report.json", "seed": 20260805}
